Starting NMTRAN
  
 WARNINGS AND ERRORS (IF ANY) FOR PROBLEM    1
             
 (WARNING  2) NM-TRAN INFERS THAT THE DATA ARE POPULATION.
Recompiling certain components
Building NONMEM Executable
Starting nonmem execution ...
License Registered to: Metrum Research Group
Expiration Date:    14 JUL 2020
Current Date:       20 MAY 2020
Days until program expires :  54


 First Order Conditional Estimation with Interaction
 MONITORING OF SEARCH:


0ITERATION NO.:    0    OBJECTIVE VALUE:   15294.0021442334        NO. OF FUNC. EVALS.:   7
 CUMULATIVE NO. OF FUNC. EVALS.:        7
 NPARAMETR:  2.0000E+00  3.0000E+00  1.0000E+01  2.0000E-02  1.0000E+00  5.0000E-02  2.0000E-01
 PARAMETER:  1.0000E-01  1.0000E-01  1.0000E-01  1.0000E-01  1.0000E-01  1.0000E-01  1.0000E-01
 GRADIENT:  -1.7140E+03 -3.1290E+03 -1.5123E+03 -9.7238E+03 -1.2685E+05 -8.1552E+03 -5.9227E+03

0ITERATION NO.:    5    OBJECTIVE VALUE:   3740.54125308960        NO. OF FUNC. EVALS.:  43
 CUMULATIVE NO. OF FUNC. EVALS.:       50
 NPARAMETR:  4.2445E+00  2.0127E+01  1.8445E+01 -6.0458E-03  5.2654E+00  8.6993E-02  8.2997E-01
 PARAMETER:  8.5249E-01  2.0034E+00  7.1219E-01 -3.0229E-02  5.2654E-01  3.7690E-01  8.1154E-01
 GRADIENT:   1.1708E+02 -3.1565E+02 -3.1209E+02  4.9206E+02  1.1608E+03 -1.5629E+02 -9.9874E+02

0ITERATION NO.:   10    OBJECTIVE VALUE:   3133.06378054888        NO. OF FUNC. EVALS.:  42
 CUMULATIVE NO. OF FUNC. EVALS.:       92
 NPARAMETR:  5.0079E+00  7.7110E+01  5.0306E+02 -1.3215E-01  6.2545E+00  7.0846E-03  1.5996E-01
 PARAMETER:  1.0179E+00  3.3466E+00  4.0181E+00 -6.6074E-01  6.2545E-01 -8.7705E-01 -1.1712E-02
 GRADIENT:   5.0046E+02  6.5436E+02  5.5156E+01 -2.5691E+02 -6.6306E+01 -6.2982E+01  1.8658E+01

0ITERATION NO.:   15    OBJECTIVE VALUE:   2648.75664831560        NO. OF FUNC. EVALS.:  57
 CUMULATIVE NO. OF FUNC. EVALS.:      149
 NPARAMETR:  2.4008E+00  5.3787E+01  3.8276E+02 -7.6987E-02  4.0364E+00  1.1666E-01  2.4380E-01
 PARAMETER:  2.8266E-01  2.9864E+00  3.7448E+00 -3.8494E-01  4.0364E-01  5.2360E-01  1.9902E-01
 GRADIENT:   6.7719E+01 -4.4374E+00 -6.4806E+01 -9.1829E+00 -1.1642E+02  8.1714E+00  1.5709E+01

0ITERATION NO.:   20    OBJECTIVE VALUE:   2638.50298364246        NO. OF FUNC. EVALS.:  87
 CUMULATIVE NO. OF FUNC. EVALS.:      236
 NPARAMETR:  2.3053E+00  5.5806E+01  4.7226E+02 -8.0514E-02  4.1259E+00  9.0986E-02  2.0697E-01
 PARAMETER:  2.4206E-01  3.0233E+00  3.9549E+00 -4.0257E-01  4.1259E-01  3.9934E-01  1.1714E-01
 GRADIENT:   1.6516E+00  8.7974E+00  5.4827E+00 -3.8974E+00 -9.0988E+00 -2.7136E+00  1.9096E+01

0ITERATION NO.:   25    OBJECTIVE VALUE:   2636.87787063403        NO. OF FUNC. EVALS.:  86
 CUMULATIVE NO. OF FUNC. EVALS.:      322
 NPARAMETR:  2.3130E+00  5.4496E+01  4.6537E+02 -8.0792E-02  4.1361E+00  9.6133E-02  1.5738E-01
 PARAMETER:  2.4540E-01  2.9995E+00  3.9402E+00 -4.0396E-01  4.1361E-01  4.2686E-01 -1.9843E-02
 GRADIENT:   5.4693E-02 -4.3216E+00  2.2446E-01  5.4546E-01  5.8849E+00 -3.2360E-01  1.7547E+00

0ITERATION NO.:   28    OBJECTIVE VALUE:   2636.84577032908        NO. OF FUNC. EVALS.:  44
 CUMULATIVE NO. OF FUNC. EVALS.:      366
 NPARAMETR:  2.3103E+00  5.4960E+01  4.6466E+02 -8.0572E-02  4.1303E+00  9.6441E-02  1.5357E-01
 PARAMETER:  2.4425E-01  3.0080E+00  3.9387E+00 -4.0286E-01  4.1303E-01  4.2845E-01 -3.2076E-02
 GRADIENT:   1.5687E-02 -2.0836E-02 -1.4475E-01  5.7882E-02 -5.1950E-02 -1.8675E-02  3.4278E-03
 Elapsed estimation  time in seconds:     2.00
 Elapsed covariance  time in seconds:     0.56
 Elapsed postprocess time in seconds:     0.00
 Elapsed finaloutput time in seconds:     0.11
Done with nonmem execution
